// Jest Snapshot v1, https://goo.gl/fbAQLP

exports[`GeolocationOptionComponent snapshot 1`] = `
<DocumentFragment>
  <li
    class="MuiListItem-root MuiListItem-gutters MuiListItem-padding css-1p823my-MuiListItem-root"
    data-testid="autocomplete-option"
  >
    <div
      class="MuiListItemIcon-root css-cveggr-MuiListItemIcon-root"
    >
      <img
        src="data:image/svg+xml,%3csvg xmlns='http://www.w3.org/2000/svg' viewBox='0 0 900 600'%3e%3cpath transform='scale(-1 1)' style='fill:%23c1272d;fill-opacity:1;stroke:none' d='M-900 0H0v600h-900z'/%3e%3cpath d='m450 224.315-44.467 136.87 116.401-84.559h-143.87l116.403 84.559z' style='fill:none;stroke:%23006233;stroke-width:14.62993431;stroke-miterlimit:4;stroke-dasharray:none'/%3e%3c/svg%3e"
        style="width: 50px;"
      />
    </div>
    <div
      class="MuiListItemText-root css-tlelie-MuiListItemText-root"
    >
      <span
        class="MuiTypography-root MuiTypography-body1 MuiListItemText-primary css-10hburv-MuiTypography-root"
      >
        White House
        <div
          class="MuiStack-root css-w4z10b-MuiStack-root"
        >
          <span
            class="MuiTypography-root MuiTypography-body1 css-1pnmrwp-MuiTypography-root"
          >
            Casablanca
          </span>
          <hr
            class="MuiDivider-root MuiDivider-fullWidth MuiDivider-vertical MuiDivider-flexItem css-1tk1bks-MuiDivider-root"
          />
          <span
            class="MuiTypography-root MuiTypography-body1 css-1pnmrwp-MuiTypography-root"
          >
            Casablanca-Settat
          </span>
        </div>
      </span>
    </div>
  </li>
</DocumentFragment>
`;
