// Jest Snapshot v1, https://goo.gl/fbAQLP

exports[`CurrentWeatherCardComponent snapshot 1`] = `
<DocumentFragment>
  <div
    class="MuiPaper-root MuiPaper-elevation MuiPaper-rounded MuiPaper-elevation1 MuiCard-root css-wmn96w-MuiPaper-root-MuiCard-root"
  >
    <div
      class="MuiCardContent-root css-46bh2p-MuiCardContent-root"
    >
      <div
        class="MuiGrid-root MuiGrid-item css-13i4rnv-MuiGrid-root"
      >
        <p
          class="MuiTypography-root MuiTypography-body1 MuiTypography-gutterBottom css-1ydyjjr-MuiTypography-root"
        >
          01-01-1970 01:00
        </p>
      </div>
      <div
        class="MuiGrid-root MuiGrid-container css-1xzqqmo-MuiGrid-root"
      >
        <div
          class="MuiGrid-root MuiGrid-item MuiGrid-grid-xs-12 MuiGrid-grid-sm-12 MuiGrid-grid-md-6 css-1fyyp8j-MuiGrid-root"
        >
          <h2
            class="MuiTypography-root MuiTypography-h2 css-1sra7t5-MuiTypography-root"
          >
            <img
              src="data:image/svg+xml,%3csvg xmlns='http://www.w3.org/2000/svg' viewBox='0 0 900 600'%3e%3cpath transform='scale(-1 1)' style='fill:%23c1272d;fill-opacity:1;stroke:none' d='M-900 0H0v600h-900z'/%3e%3cpath d='m450 224.315-44.467 136.87 116.401-84.559h-143.87l116.403 84.559z' style='fill:none;stroke:%23006233;stroke-width:14.62993431;stroke-miterlimit:4;stroke-dasharray:none'/%3e%3c/svg%3e"
              style="width: 70px;"
            />
            White House 
          </h2>
          <div
            class="MuiStack-root css-w4z10b-MuiStack-root"
          >
            <span
              class="MuiTypography-root MuiTypography-body1 css-1pnmrwp-MuiTypography-root"
            >
              Casablanca
            </span>
            <hr
              class="MuiDivider-root MuiDivider-fullWidth MuiDivider-vertical MuiDivider-flexItem css-1tk1bks-MuiDivider-root"
            />
            <span
              class="MuiTypography-root MuiTypography-body1 css-1pnmrwp-MuiTypography-root"
            >
              Casablanca-Settat
            </span>
          </div>
        </div>
        <div
          class="MuiGrid-root MuiGrid-container MuiGrid-item MuiGrid-grid-xs-12 MuiGrid-grid-sm-12 MuiGrid-grid-md-6 css-18kb45e-MuiGrid-root"
        >
          <div
            class="MuiBox-root css-asvefe"
          >
            <h2
              class="MuiTypography-root MuiTypography-h2 css-1sra7t5-MuiTypography-root"
            >
              16.2Â°C
            </h2>
          </div>
        </div>
      </div>
      <div
        class="MuiGrid-root MuiGrid-container css-11lq3yg-MuiGrid-root"
      >
        <div
          class="MuiGrid-root MuiGrid-item MuiGrid-grid-xs-12 MuiGrid-grid-sm-12 MuiGrid-grid-md-6 css-1fyyp8j-MuiGrid-root"
        >
          <h6
            class="MuiTypography-root MuiTypography-h6 css-2ulfj5-MuiTypography-root"
          >
            <span
              aria-label="Time of last measurement"
              class=""
              data-mui-internal-clone-element="true"
            >
              Time: 19:00 +00 
              <svg
                aria-hidden="true"
                class="MuiSvgIcon-root MuiSvgIcon-colorInfo MuiSvgIcon-fontSizeMedium css-m5zvh1-MuiSvgIcon-root"
                data-testid="InfoOutlinedIcon"
                focusable="false"
                viewBox="0 0 24 24"
              >
                <path
                  d="M11 7h2v2h-2zm0 4h2v6h-2zm1-9C6.48 2 2 6.48 2 12s4.48 10 10 10 10-4.48 10-10S17.52 2 12 2zm0 18c-4.41 0-8-3.59-8-8s3.59-8 8-8 8 3.59 8 8-3.59 8-8 8z"
                />
              </svg>
            </span>
          </h6>
        </div>
        <div
          class="MuiGrid-root MuiGrid-item MuiGrid-grid-xs-12 MuiGrid-grid-sm-12 MuiGrid-grid-md-6 css-1fyyp8j-MuiGrid-root"
        >
          <h6
            class="MuiTypography-root MuiTypography-h6 css-2ulfj5-MuiTypography-root"
          >
            Local time: 00:00
          </h6>
        </div>
        <div
          class="MuiGrid-root MuiGrid-item MuiGrid-grid-xs-12 MuiGrid-grid-sm-12 MuiGrid-grid-md-6 css-1fyyp8j-MuiGrid-root"
        >
          <h6
            class="MuiTypography-root MuiTypography-h6 css-2ulfj5-MuiTypography-root"
          >
            Wind speed: 9.3 km/h
          </h6>
        </div>
        <div
          class="MuiGrid-root MuiGrid-container MuiGrid-item MuiGrid-grid-xs-12 MuiGrid-grid-sm-12 MuiGrid-grid-md-6 css-18kb45e-MuiGrid-root"
        >
          <div
            class="MuiGrid-root MuiGrid-item css-13i4rnv-MuiGrid-root"
          >
            <h6
              class="MuiTypography-root MuiTypography-h6 css-2ulfj5-MuiTypography-root"
            >
              Wind direction: 16
            </h6>
          </div>
          <div
            class="MuiGrid-root MuiGrid-item css-13i4rnv-MuiGrid-root"
          >
            <svg
              aria-hidden="true"
              class="MuiSvgIcon-root MuiSvgIcon-fontSizeMedium css-1wlw7z0-MuiSvgIcon-root"
              data-testid="ArrowUpwardIcon"
              focusable="false"
              viewBox="0 0 24 24"
            >
              <path
                d="m4 12 1.41 1.41L11 7.83V20h2V7.83l5.58 5.59L20 12l-8-8-8 8z"
              />
            </svg>
          </div>
        </div>
        <div
          class="MuiGrid-root MuiGrid-item MuiGrid-grid-xs-12 css-1idn90j-MuiGrid-root"
        >
          <h6
            class="MuiTypography-root MuiTypography-h6 css-2ulfj5-MuiTypography-root"
          >
            <span
              aria-label="WMO Weather interpretation code: 1"
              class=""
              data-mui-internal-clone-element="true"
            >
              Weather: Mainly clear, partly cloudy, and overcast 
              <svg
                aria-hidden="true"
                class="MuiSvgIcon-root MuiSvgIcon-colorInfo MuiSvgIcon-fontSizeMedium css-m5zvh1-MuiSvgIcon-root"
                data-testid="InfoOutlinedIcon"
                focusable="false"
                viewBox="0 0 24 24"
              >
                <path
                  d="M11 7h2v2h-2zm0 4h2v6h-2zm1-9C6.48 2 2 6.48 2 12s4.48 10 10 10 10-4.48 10-10S17.52 2 12 2zm0 18c-4.41 0-8-3.59-8-8s3.59-8 8-8 8 3.59 8 8-3.59 8-8 8z"
                />
              </svg>
            </span>
          </h6>
        </div>
      </div>
    </div>
  </div>
</DocumentFragment>
`;
